/**************************************/
/* Unsugar automatons a bit */
/**************************************/
type inductive_bool =
  | False
  | True

node main0() returns (o : int);
var tmp : bool;
let
  (tmp) = (true) -> (pre (ite(tmp, false, true)));
  (o) = (0) -> (ite(tmp, pre (o), add(pre (o), 1)));
tel

/**************************************/
/* Typed ast */
/**************************************/
type inductive_bool =
  | False
  | True

node main0__3() returns (o__1 : int)
var tmp__2: bool;
let
  (tmp__2) = ite(true fby false, true, false fby ite(tmp__2, false, true));
  (o__1) = ite(true fby false, 0, ite(tmp__2, 0 fby o__1, add(0 fby o__1,
           1)));
tel

/**************************************/
/* Normalized ast */
/**************************************/
type inductive_bool =
  | False
  | True

node main0__3() returns (o__1 : int)
var aux'10__13: int; aux'9__12: int; aux'8__11: int; aux'7__10: int;
    aux'6__9: bool; aux'5__8: bool; aux'4__7: bool; aux'3__6: bool;
    aux'2__5: bool; aux'1__4: bool; tmp__2: bool;
let
  (aux'4__7) = false fby aux'3__6;
  (aux'3__6) = ~(tmp__2);
  (aux'2__5) = true fby aux'1__4;
  (aux'1__4) = false;
  (tmp__2) = or(aux'2__5, aux'4__7);
  (aux'10__13) = 0 fby aux'9__12;
  (aux'9__12) = o__1;
  (aux'8__11) = 0 fby aux'7__10;
  (aux'7__10) = o__1;
  (aux'6__9) = true fby aux'5__8;
  (aux'5__8) = false;
  (o__1) = merge aux'6__9 
             (true -> 0 when True(aux'6__9))
             (false -> merge tmp__2 
                         (true -> aux'8__11 when True(tmp__2))
                         (false -> add(aux'10__13, 1) when False(tmp__2)) when False(aux'6__9));
tel

/**************************************/
/* Clocked ast */
/**************************************/
type inductive_bool =
  | False
  | True

node main0__3()
  returns (o__1 : int :: Base)
var aux'10__13 : int :: Base, aux'9__12 : int :: Base, aux'8__11 : int :: Base, 
    aux'7__10 : int :: Base, aux'6__9 : bool :: Base, aux'5__8 : bool :: Base, 
    aux'4__7 : bool :: Base, aux'3__6 : bool :: Base, aux'2__5 : bool :: Base, 
    aux'1__4 : bool :: Base, tmp__2 : bool :: Base;
let
  (aux'4__7) = false fby aux'3__6;
  (aux'3__6) = ~(tmp__2);
  (aux'2__5) = true fby aux'1__4;
  (aux'1__4) = false;
  (tmp__2) = or(aux'2__5, aux'4__7);
  (aux'10__13) = 0 fby aux'9__12;
  (aux'9__12) = o__1;
  (aux'8__11) = 0 fby aux'7__10;
  (aux'7__10) = o__1;
  (aux'6__9) = true fby aux'5__8;
  (aux'5__8) = false;
  (o__1) = merge aux'6__9 
           (true -> 0 when True(aux'6__9))
           (false -> merge tmp__2 
           (true -> aux'8__11 when True(tmp__2))
           (false -> add(aux'10__13, 1) when False(tmp__2)) when False(aux'6__9))
tel
/**************************************/
/* Scheduled ast */
/**************************************/
type inductive_bool =
  | False
  | True

node main0__3()
  returns (o__1 : int :: Base)
var aux'10__13 : int :: Base, aux'9__12 : int :: Base, aux'8__11 : int :: Base, 
    aux'7__10 : int :: Base, aux'6__9 : bool :: Base, aux'5__8 : bool :: Base, 
    aux'4__7 : bool :: Base, aux'3__6 : bool :: Base, aux'2__5 : bool :: Base, 
    aux'1__4 : bool :: Base, tmp__2 : bool :: Base;
let
  (aux'1__4) = false;
  (aux'2__5) = true fby aux'1__4;
  (aux'4__7) = false fby aux'3__6;
  (aux'5__8) = false;
  (aux'6__9) = true fby aux'5__8;
  (aux'8__11) = 0 fby aux'7__10;
  (aux'10__13) = 0 fby aux'9__12;
  (tmp__2) = or(aux'2__5, aux'4__7);
  (o__1) = merge aux'6__9 
           (true -> 0 when True(aux'6__9))
           (false -> merge tmp__2 
           (true -> aux'8__11 when True(tmp__2))
           (false -> add(aux'10__13, 1) when False(tmp__2)) when False(aux'6__9));
  (aux'3__6) = ~(tmp__2);
  (aux'7__10) = o__1;
  (aux'9__12) = o__1
tel
/**************************************/
/* Imp ast */
/**************************************/
type inductive_bool =
  | False
  | True

node main0__3()
  returns (o__1 : int :: Base)
var aux'10__13 : int :: Base, aux'9__12 : int :: Base, aux'8__11 : int :: Base, 
    aux'7__10 : int :: Base, aux'6__9 : bool :: Base, aux'5__8 : bool :: Base, 
    aux'4__7 : bool :: Base, aux'3__6 : bool :: Base, aux'2__5 : bool :: Base, 
    aux'1__4 : bool :: Base, tmp__2 : bool :: Base;
  mem={node=[]
       fby=[aux'2_next5__18 : bool :: Base, aux'4_next4__17 : bool :: Base, 
            aux'6_next3__16 : bool :: Base, aux'8_next2__15 : int :: Base, 
            aux'10_next1__14 : int :: Base]}
  init={node=[]
        fby=[(aux'2_next5__18,true), (aux'4_next4__17,false), (aux'6_next3__16,true), (aux'8_next2__15,0), (aux'10_next1__14,0)]}
  compute={(aux'1__4 : bool :: Base) = false;
           (aux'2__5 : bool :: Base) = aux'2_next5__18;
           (aux'4__7 : bool :: Base) = aux'4_next4__17;
           (aux'5__8 : bool :: Base) = false;
           (aux'6__9 : bool :: Base) = aux'6_next3__16;
           (aux'8__11 : int :: Base) = aux'8_next2__15;
           (aux'10__13 : int :: Base) = aux'10_next1__14;
           (tmp__2 : bool :: Base) = or(aux'2__5, aux'4__7);
           (o__1 : int :: Base) = case(aux'6__9)True'inductive_bool: 0;
                                                  False'inductive_bool: case(tmp__2)
                                                  True'inductive_bool: aux'8__11;
                                                    False'inductive_bool: 
                                                    add(aux'10__13, 1);
           (aux'3__6 : bool :: Base) = ~(tmp__2);
           (aux'7__10 : int :: Base) = o__1;
           (aux'9__12 : int :: Base) = o__1}
  update={(aux'2_next5__18,aux'1__4);
          (aux'4_next4__17,aux'3__6);
          (aux'6_next3__16,aux'5__8);
          (aux'8_next2__15,aux'7__10);
          (aux'10_next1__14,aux'9__12)}
  
/**************************************/
/* C file */
/**************************************/
#include <stdlib.h>

#include <printf.h>

#include <unistd.h>

#include <stdio.h>

int int_read() {
  int var;
  scanf("%d", &var);
  return var;
}

enum inductive_bool {
  FALSE,
  TRUE
};

struct main0_mem {

  int aux__2_next5;
  int aux__4_next4;
  int aux__6_next3;
  int aux__8_next2;
  int aux__10_next1;
};

void main0_init (struct main0_mem* mem) {
  mem->aux__2_next5 = 1;
  mem->aux__4_next4 = 0;
  mem->aux__6_next3 = 1;
  mem->aux__8_next2 = 0;
  mem->aux__10_next1 = 0;
}

int main0 (struct main0_mem* mem) {
  int aux__10;
  int aux__9;
  int aux__8;
  int aux__7;
  int aux__6;
  int aux__5;
  int aux__4;
  int aux__3;
  int aux__2;
  int aux__1;
  int tmp;
  int o;
  enum inductive_bool switch_1;
  enum inductive_bool switch_2;
  
  aux__1 = 0;
  aux__2 = mem->aux__2_next5;
  aux__4 = mem->aux__4_next4;
  aux__5 = 0;
  aux__6 = mem->aux__6_next3;
  aux__8 = mem->aux__8_next2;
  aux__10 = mem->aux__10_next1;
  tmp = (aux__2 || aux__4);
  switch (tmp) {
    case TRUE: {
      switch_2 = aux__8;
      break;
    }
    case FALSE: {
      switch_2 = (aux__10 + 1);
      break;
    }
  };
  switch (aux__6) {
    case TRUE: {
      switch_1 = 0;
      break;
    }
    case FALSE: {
      switch_1 = switch_2;
      break;
    }
  };
  o = switch_1;
  aux__3 = !(tmp);
  aux__7 = o;
  aux__9 = o;
  mem->aux__2_next5 = aux__1;
  mem->aux__4_next4 = aux__3;
  mem->aux__6_next3 = aux__5;
  mem->aux__8_next2 = aux__7;
  mem->aux__10_next1 = aux__9;
  return o;
}

int main (int argc, char* argv[]) {
  struct main0_mem mem;
  int res;
  
  main0_init(&(mem));
  while (1) {
    res = main0(&(mem));
    printf("%d\n", res);
    fflush(0);
    usleep(333333);
  };
}
