[31m[1m[Error 1001] Lexical error: [0mUnexpected character '{' at line 1, position 1. Expected a valid token.

