/**************************************/
/* Unsugar automatons a bit */
/**************************************/
type inductive_bool =
  | False
  | True

node main0(x : int) returns (o : bool);
var ;
let
  (o) = add(x, x when True(1));
tel

[31m[1m[Error 1004] Typing error: [0mThe expression has type 'int', but is expected to have type 'bool'

