[31m[1m[Error 1003] Sugar syntax error: [0mUndefined type constructor : Chaud2

