/**************************************/
/* Unsugar automatons a bit */
/**************************************/
type inductive_bool =
  | False
  | True

node main0() returns (a : int;b : int);
var ;
let
  (a) = b;
  (b) = a;
tel

/**************************************/
/* Typed ast */
/**************************************/
type inductive_bool =
  | False
  | True

node main0__3() returns (a__1 : int; b__2 : int)
var ;
let
  (a__1) = b__2;
  (b__2) = a__1;
tel

/**************************************/
/* Normalized ast */
/**************************************/
type inductive_bool =
  | False
  | True

node main0__3() returns (a__1 : int; b__2 : int)
var ;
let
  (a__1) = b__2;
  (b__2) = a__1;
tel

/**************************************/
/* Clocked ast */
/**************************************/
type inductive_bool =
  | False
  | True

node main0__3()
  returns (a__1 : int :: Base, b__2 : int :: Base)
var ;
let
  (a__1) = b__2;
  (b__2) = a__1
tel
[31m[1m[Error 1006] Scheduling error: [0mA causality error occurred, indicating a circular dependency

